// Jest Snapshot v1, https://goo.gl/fbAQLP

exports[`renders the UI as expected 1`] = `
<div
  className="ListofPeople"
>
  <ul>
    <div>
      <img
        alt="peoples faces"
        src="https://robohash.org/itaquevoluptatumrerum.jpg?size=200x200&set=set1"
      />
      <li>
         
        Koren Templeton
          
      </li>
      <p>
         
        On Stage
          
      </p>
    </div>
    <div>
      <img
        alt="peoples faces"
        src="https://robohash.org/doloredolorescupiditate.jpg?size=200x200&set=set1"
      />
      <li>
         
        Caty Flucker
          
      </li>
      <p>
         
          
      </p>
    </div>
    <div>
      <img
        alt="peoples faces"
        src="https://robohash.org/utlaborumfugit.jpg?size=200x200&set=set1"
      />
      <li>
         
        Axe Kubicka
          
      </li>
      <p>
         
          
      </p>
    </div>
    <div>
      <img
        alt="peoples faces"
        src="https://robohash.org/etexercitationemassumenda.jpg?size=200x200&set=set1"
      />
      <li>
         
        Frank Runciman
          
      </li>
      <p>
         
          
      </p>
    </div>
    <div>
      <img
        alt="peoples faces"
        src="https://robohash.org/iustodoloremqueinventore.jpg?size=200x200&set=set1"
      />
      <li>
         
        Ashla Attwool
          
      </li>
      <p>
         
        On Stage
          
      </p>
    </div>
  </ul>
</div>
`;
