// Jest Snapshot v1, https://goo.gl/fbAQLP

exports[`renders the UI as expected 1`] = `
<div>
  <section>
    <div>
      Koren Templeton
      <img
        alt="peoples faces"
        src="https://robohash.org/itaquevoluptatumrerum.jpg?size=200x200&set=set1"
      />
    </div>
    <div>
      Ashla Attwool
      <img
        alt="peoples faces"
        src="https://robohash.org/iustodoloremqueinventore.jpg?size=200x200&set=set1"
      />
    </div>
  </section>
</div>
`;
